// Jest Snapshot v1, https://goo.gl/fbAQLP

exports[`OpenCloseIcon.vue state:open 1`] = `
<svg
  xmlns="http://www.w3.org/2000/svg"
  xmlns:xlink="http://www.w3.org/1999/xlink"
>
  <circle
    cx="100"
    cy="100"
    fill="red"
    r="100"
  />
   
  <rect
    fill="blue"
    height="200"
    width="300"
    x="130"
    y="130"
  />
</svg>
`;
